14:59:40 INFO MainThread fulltext: selected 325 ids; 0 already done; 325 to fetch
14:59:41 INFO MainThread fulltext: arXiv stream: 192 records; other stream: 133 records
14:59:43 WARNING other_1 fulltext.http.s2: HTTP 429; retry 1 in 2.5s
14:59:47 WARNING other_2 fulltext.http.s2: HTTP 429; retry 1 in 2.1s
14:59:54 INFO MainThread fulltext: progress 25/325 ok=23 fail=2 arxiv_requests=0 elapsed=13s rate=111.90 rec/min eta=3 min
15:00:03 INFO MainThread fulltext: progress 50/325 ok=43 fail=7 arxiv_requests=0 elapsed=22s rate=134.43 rec/min eta=2 min
15:00:13 INFO MainThread fulltext: progress 75/325 ok=64 fail=11 arxiv_requests=0 elapsed=31s rate=142.95 rec/min eta=2 min
15:00:19 INFO MainThread fulltext: progress 100/325 ok=88 fail=12 arxiv_requests=0 elapsed=38s rate=158.42 rec/min eta=1 min
15:00:22 WARNING other_3 fulltext.http.s2: HTTP 429; retry 1 in 2.8s
15:00:28 INFO MainThread fulltext: progress 125/325 ok=108 fail=17 arxiv_requests=0 elapsed=47s rate=158.81 rec/min eta=1 min
15:00:37 INFO MainThread fulltext: progress 150/325 ok=129 fail=21 arxiv_requests=0 elapsed=56s rate=161.18 rec/min eta=1 min
15:00:49 INFO MainThread fulltext: progress 175/325 ok=149 fail=26 arxiv_requests=0 elapsed=68s rate=153.68 rec/min eta=1 min
15:01:00 INFO MainThread fulltext: progress 200/325 ok=170 fail=30 arxiv_requests=0 elapsed=79s rate=152.09 rec/min eta=1 min
15:01:03 WARNING other_3 fulltext.http.s2: HTTP 429; retry 1 in 2.5s
15:01:07 INFO MainThread fulltext: progress 225/325 ok=190 fail=35 arxiv_requests=0 elapsed=86s rate=157.35 rec/min eta=1 min
15:01:14 INFO MainThread fulltext: progress 250/325 ok=211 fail=39 arxiv_requests=0 elapsed=93s rate=161.66 rec/min eta=0 min
15:01:20 WARNING other_1 fulltext.http.s2: HTTP 429; retry 1 in 2.5s
15:01:27 INFO MainThread fulltext: progress 275/325 ok=228 fail=47 arxiv_requests=0 elapsed=106s rate=155.66 rec/min eta=0 min
15:01:40 INFO MainThread fulltext: progress 300/325 ok=244 fail=56 arxiv_requests=0 elapsed=119s rate=150.86 rec/min eta=0 min
15:01:50 WARNING other_0 fulltext.http.s2: HTTP 429; retry 1 in 3.0s
15:01:56 INFO MainThread fulltext: progress 325/325 ok=257 fail=68 arxiv_requests=0 elapsed=135s rate=144.94 rec/min eta=0 min
15:01:56 INFO MainThread fulltext: done: 325 records in 135s (0.4 s/record); {'not_retrievable': 68, 'not_retrievable:openalex': 17, 'not_retrievable:s2': 42, 'not_retrievable:s2_snowball': 9, 'ok': 257, 'ok:acl_pdf': 5, 'ok:arxiv_pdf': 198, 'ok:doi_landing_html': 12, 'ok:github_repo': 19, 'ok:openalex_oa_pdf': 11, 'ok:openreview_pdf': 8, 'ok:web_html': 4}
15:08:04 INFO MainThread fulltext: selected 9906 ids; 325 already done; 9581 to fetch
15:08:05 INFO MainThread fulltext: arXiv stream: 6399 records; other stream: 3182 records
15:08:06 WARNING other_1 fulltext.http.s2: HTTP 429; retry 1 in 2.2s
15:08:16 INFO MainThread fulltext: progress 25/9581 ok=14 fail=11 arxiv_requests=5 elapsed=11s rate=137.90 rec/min eta=69 min
15:08:26 INFO MainThread fulltext: progress 50/9581 ok=33 fail=17 arxiv_requests=8 elapsed=21s rate=145.41 rec/min eta=66 min
15:08:39 INFO MainThread fulltext: progress 75/9581 ok=55 fail=20 arxiv_requests=13 elapsed=34s rate=133.21 rec/min eta=71 min
15:08:54 INFO MainThread fulltext: progress 100/9581 ok=77 fail=23 arxiv_requests=17 elapsed=49s rate=122.96 rec/min eta=77 min
15:09:11 INFO MainThread fulltext: progress 125/9581 ok=101 fail=24 arxiv_requests=24 elapsed=67s rate=112.75 rec/min eta=84 min
15:09:17 WARNING other_1 fulltext.http.s2: HTTP 429; retry 1 in 2.8s
15:09:19 WARNING other_2 fulltext.http.web: network error ConnectionError(MaxRetryError('HTTPSConnectionPool(host=\'mentat.ai\', port=443): Max retries exceeded with url: /blog/mentatbot-sota-coding-agent (Caused by NameResolutionError("HTTPSConnection(host=\'mentat.ai\', port=443): Failed to resolve \'mentat.ai\' ([Errno 11001] getaddrinfo failed)"))')); retry 1 in 2.4s
