papers.csv : 8538 records assessed (7122 included, 1416 excluded)
systems.json: 1100 systems released, every one of the 38 dimensions resolved (1100 carry coded cells)
  not yet coded        : 5056
  coded, awaiting pass B: 16
          3 cells  value outside the enum: 'agent_driven_navigation|embedding_rag'
          3 cells  value outside the enum: 'checkpoint'
          3 cells  value outside the enum: 'agent_driven_navigation|file_tree_summary'
          2 cells  value(s) outside the enum: ['per_run_time_placeholder']
          2 cells  value outside the enum: 'embedding_rag|agent_driven_navigation'
          1 cells  value outside the enum: 'file_tree_summary|agent_driven_navigation'
record links : 6172 systems link to at least one assessed record, 0 to none
papers.csv : 8538 records assessed (7122 included, 1416 excluded)
systems.json: 77 systems released, every one of the 38 dimensions resolved (77 carry coded cells)
  not yet coded        : 5056
  coded, awaiting pass B: 1039
      10250 cells  coder flagged it: unresolved
        243 cells  coder flagged it: quote_not_in_bundle
         76 cells  coder flagged it: quote_not_in_bundle, locator_no_line
         74 cells  coder flagged it: not_reported_with_value
         33 cells  coder flagged it: quote_not_in_bundle, locator_shape_unrecognised
         31 cells  coder flagged it: scalar_for_multi
record links : 6172 systems link to at least one assessed record, 0 to none
papers.csv : 8538 records assessed (7122 included, 1416 excluded)
systems.json: 920 systems released, every one of the 38 dimensions resolved (920 carry coded cells)
  not yet coded        : 5056
  incomplete coding runs  : 0
  below protocol 4.7 (<19/38 settled): 196
       5506 cells  coder flagged it: unresolved
        213 cells  coder flagged it: quote_not_in_bundle
         71 cells  coder flagged it: not_reported_with_value
         67 cells  coder flagged it: quote_not_in_bundle, locator_no_line
         33 cells  only 18 of 38 cells settled (protocol 4.7 needs 19)
         27 cells  coder flagged it: quote_not_in_bundle, locator_shape_unrecognised
record links : 6172 systems link to at least one assessed record, 0 to none
